{
  "Id": "22cd0826e447a44e78877a22",
  "Url": "http://localhost:50000/event/22cd0826e447a44e78877a22",
  "OccurrenceDate": "2014-01-17T14:37:02.739-06:00",
  "Tags": [],
  "MachineName": "TestMachine",
  "RequestPath": "http://www.example.com:50200/stores/example/products/&quot;/stores/example/products/example.aspx?category%7Cdategory_root%7C13546=outlet&category%7Cdat_13126%7C14951=dugby&category%7Cdat_14951%7C15184=-1'&cur=krw&quot;,",
  "IpAddress": "127.0.0.1",
  "Message": "A potentially dangerous Request.Path value was detected from the client (&).",
  "Type": "System.Web.HttpException",
  "Code": "400",
  "TargetMethod": "System.Web.HttpRequest.ValidateInputIfRequiredByConfig",
  "ProjectId": "1ecd0826e447ad1e78877ab2",
  "ProjectName": "Disintegrating Pistol",
  "OrganizationId": "1ecd0826e447ad1e78877555",
  "OrganizationName": "Acme",
  "ErrorStackId": "1ecd0826e447a44e78877ab1",
  "ErrorStackUrl": "http://localhost:50000/stack/1ecd0826e447a44e78877ab1",
  "ErrorStackTitle": "A potentially dangerous Request.Path value was detected from the client (&).",
  "ErrorStackDescription": null,
  "ErrorStackTags": [
    "Test"
  ],
  "TotalOccurrences": 0,
  "FirstOccurrence": "2014-01-17T14:37:02.739",
  "LastOccurrence": "2014-01-17T14:37:02.739",
  "DateFixed": null,
  "IsNew": false,
  "IsRegression": false,
  "IsCritical": false
}