{
  "Date": "2013-04-08T13:47:46.21851-05:00",
  "SignatureInfo": {
    "HttpMethod": "GET",
    "Path": "/articles/print.aspx",
    "Message": "Exception of type 'System.Web.HttpUnhandledException' was thrown."
  },
  "@request": {
    "UserAgent": "Mozilla/4.0 (compatible; Synapse)",
    "HttpMethod": "GET",
    "IsSecure": false,
    "Host": "www.test.com",
    "Port": 80,
    "Path": "/articles/print.aspx",
    "ClientIpAddress": "127.0.0.1",
    "Cookies": {},
    "Form": {},
    "QueryString": {}
  },
  "Type": "404"
}