{
  "Date": "2013-05-16T10:26:07.485-05:00",
  "@request": {
    "UserAgent": "Example_Security_scanner",
    "HttpMethod": "GET",
    "IsSecure": false,
    "Host": "127.0.0.1",
    "Port": 80,
    "Path": "/Default.aspx",
    "ClientIpAddress": "127.0.0.1",
    "Cookies": {
      "request_culture": "en.US",
      "_ASPXAUTHTRACKER": "1 -3600 635043111673609734"
    },
    "Form": {},
    "QueryString": {
      "\u0000\"><script>alert(309)</script>": "1",
      "__VIEWSTATE": "/Test",
      "ctl00$PageContent$LoginToSystemControl$StandartLoginControl$RememberMe": "",
      "ctl00$PageContent$LoginToSystemControl$StandartLoginControl$Password": "",
      "ctl00$PageContent$LoginToSystemControl$StandartLoginControl$UserName": "",
      "__EVENTVALIDATION": "/Test=="
    }
  },
  "@environment": {
    "ProcessorCount": 8,
    "TotalPhysicalMemory": 12874641408,
    "AvailablePhysicalMemory": 7047577600,
    "CommandLine": "c:\\windows\\system32\\inetsrv\\w3wp.exe -ap \"PublicSitePool\" -v \"v4.0\" -l \"webengine4.dll\" -a \\\\.\\pipe\\iisipma9dd780b-593b-4599-b023-8685330324ed -h \"C:\\inetpub\\temp\\apppools\\PublicSitePool\\PublicSitePool.config\" -w \"\" -m 0",
    "ProcessName": "c:\\windows\\system32\\inetsrv\\w3wp.exe",
    "ProcessId": "10952",
    "ProcessMemorySize": 409956352,
    "ThreadId": "6660",
    "Architecture": "x64",
    "OSName": "Microsoft Windows Server 2008 R2 Standard ",
    "OSVersion": "6.1.7601.65536",
    "MachineName": "example",
    "RuntimeVersion": "4.0.30319.296",
    "IpAddress": "127.0.0.1",
    "Data": {
      "AppDomainName": "/LM/W3SVC/819060847/ROOT-1-13013139602206444"
    }
  },
  "Message": "A potentially dangerous Request.RawUrl value was detected from the client (=\"...aspx?%00\"><script>alert(309)</...\").",
  "Type": "error",
  "@error": {
    "Message": "A potentially dangerous Request.RawUrl value was detected from the client (=\"...aspx?%00\"><script>alert(309)</...\").",
    "Code": "500",
    "Type": "System.Web.HttpRequestValidationException",
    "StackTrace": [
      {
        "LineNumber": 0,
        "Column": 0,
        "IsSignatureTarget": false,
        "DeclaringNamespace": "System.Web",
        "DeclaringType": "HttpRequest",
        "DeclaringTypeFullName": "System.Web.HttpRequest",
        "FullName": "System.Web.HttpRequest.ValidateString",
        "Signature": "System.Web.HttpRequest.ValidateString(String value, String collectionKey, RequestValidationSource requestCollection)",
        "Name": "ValidateString",
        "ModuleId": -1,
        "Parameters": [
          {
            "Name": "value",
            "Type": "String",
            "TypeNamespace": "System",
            "TypeFullName": "System.String"
          },
          {
            "Name": "collectionKey",
            "Type": "String",
            "TypeNamespace": "System",
            "TypeFullName": "System.String"
          },
          {
            "Name": "requestCollection",
            "Type": "RequestValidationSource",
            "TypeNamespace": "System.Web.Util",
            "TypeFullName": "System.Web.Util.RequestValidationSource"
          }
        ]
      },
      {
        "LineNumber": 0,
        "Column": 0,
        "IsSignatureTarget": false,
        "DeclaringNamespace": "System.Web",
        "DeclaringType": "HttpRequest",
        "DeclaringTypeFullName": "System.Web.HttpRequest",
        "FullName": "System.Web.HttpRequest.get_RawUrl",
        "Signature": "System.Web.HttpRequest.get_RawUrl()",
        "Name": "get_RawUrl",
        "ModuleId": -1
      },
      {
        "LineNumber": 0,
        "Column": 0,
        "IsSignatureTarget": false,
        "DeclaringNamespace": "System.Web.UI",
        "DeclaringType": "Page",
        "DeclaringTypeFullName": "System.Web.UI.Page",
        "FullName": "System.Web.UI.Page.ProcessRequestMain",
        "Signature": "System.Web.UI.Page.ProcessRequestMain(Boolean includeStagesBeforeAsyncPoint, Boolean includeStagesAfterAsyncPoint)",
        "Name": "ProcessRequestMain",
        "ModuleId": -1,
        "Parameters": [
          {
            "Name": "includeStagesBeforeAsyncPoint",
            "Type": "Boolean",
            "TypeNamespace": "System",
            "TypeFullName": "System.Boolean"
          },
          {
            "Name": "includeStagesAfterAsyncPoint",
            "Type": "Boolean",
            "TypeNamespace": "System",
            "TypeFullName": "System.Boolean"
          }
        ]
      },
      {
        "LineNumber": 0,
        "Column": 0,
        "IsSignatureTarget": false,
        "DeclaringNamespace": "System.Web.UI",
        "DeclaringType": "Page",
        "DeclaringTypeFullName": "System.Web.UI.Page",
        "FullName": "System.Web.UI.Page.ProcessRequest",
        "Signature": "System.Web.UI.Page.ProcessRequest(Boolean includeStagesBeforeAsyncPoint, Boolean includeStagesAfterAsyncPoint)",
        "Name": "ProcessRequest",
        "ModuleId": -1,
        "Parameters": [
          {
            "Name": "includeStagesBeforeAsyncPoint",
            "Type": "Boolean",
            "TypeNamespace": "System",
            "TypeFullName": "System.Boolean"
          },
          {
            "Name": "includeStagesAfterAsyncPoint",
            "Type": "Boolean",
            "TypeNamespace": "System",
            "TypeFullName": "System.Boolean"
          }
        ]
      },
      {
        "LineNumber": 0,
        "Column": 0,
        "IsSignatureTarget": false,
        "DeclaringNamespace": "System.Web.UI",
        "DeclaringType": "Page",
        "DeclaringTypeFullName": "System.Web.UI.Page",
        "FullName": "System.Web.UI.Page.ProcessRequest",
        "Signature": "System.Web.UI.Page.ProcessRequest()",
        "Name": "ProcessRequest",
        "ModuleId": -1
      },
      {
        "LineNumber": 0,
        "Column": 0,
        "IsSignatureTarget": false,
        "DeclaringNamespace": "System.Web.UI",
        "DeclaringType": "Page",
        "DeclaringTypeFullName": "System.Web.UI.Page",
        "FullName": "System.Web.UI.Page.ProcessRequest",
        "Signature": "System.Web.UI.Page.ProcessRequest(HttpContext context)",
        "Name": "ProcessRequest",
        "ModuleId": -1,
        "Parameters": [
          {
            "Name": "context",
            "Type": "HttpContext",
            "TypeNamespace": "System.Web",
            "TypeFullName": "System.Web.HttpContext"
          }
        ]
      },
      {
        "LineNumber": 0,
        "Column": 0,
        "IsSignatureTarget": false,
        "DeclaringNamespace": "System.Web",
        "DeclaringType": "HttpApplication+CallHandlerExecutionStep",
        "DeclaringTypeFullName": "System.Web.HttpApplication.CallHandlerExecutionStep",
        "FullName": "System.Web.HttpApplication.CallHandlerExecutionStep.System.Web.HttpApplication.IExecutionStep.Execute",
        "Signature": "System.Web.HttpApplication.CallHandlerExecutionStep.System.Web.HttpApplication.IExecutionStep.Execute()",
        "Name": "System.Web.HttpApplication.IExecutionStep.Execute",
        "ModuleId": -1
      },
      {
        "LineNumber": 0,
        "Column": 0,
        "IsSignatureTarget": false,
        "DeclaringNamespace": "System.Web",
        "DeclaringType": "HttpApplication",
        "DeclaringTypeFullName": "System.Web.HttpApplication",
        "FullName": "System.Web.HttpApplication.ExecuteStep",
        "Signature": "System.Web.HttpApplication.ExecuteStep(IExecutionStep step, Boolean& completedSynchronously)",
        "Name": "ExecuteStep",
        "ModuleId": -1,
        "Parameters": [
          {
            "Name": "step",
            "Type": "IExecutionStep",
            "TypeNamespace": "System.Web",
            "TypeFullName": "System.Web.IExecutionStep"
          },
          {
            "Name": "completedSynchronously",
            "Type": "Boolean&",
            "TypeNamespace": "System",
            "TypeFullName": "System.Boolean&"
          }
        ]
      }
    ],
    "TargetMethod": {
      "IsSignatureTarget": true,
      "DeclaringNamespace": "System.Web",
      "DeclaringType": "HttpRequest",
      "DeclaringTypeFullName": "System.Web.HttpRequest",
      "FullName": "System.Web.HttpRequest.ValidateString",
      "Signature": "System.Web.HttpRequest.ValidateString(String value, String collectionKey, RequestValidationSource requestCollection)",
      "Name": "ValidateString",
      "ModuleId": -1,
      "Parameters": [
        {
          "Name": "value",
          "Type": "String",
          "TypeNamespace": "System",
          "TypeFullName": "System.String"
        },
        {
          "Name": "collectionKey",
          "Type": "String",
          "TypeNamespace": "System",
          "TypeFullName": "System.String"
        },
        {
          "Name": "requestCollection",
          "Type": "RequestValidationSource",
          "TypeNamespace": "System.Web.Util",
          "TypeFullName": "System.Web.Util.RequestValidationSource"
        }
      ]
    },
    "Data": {
      "@ext": {
        "WebEventCode": 0,
        "ErrorCode": -2147467259
      }
    }
  }
}