{
  "Data": {
    "User": "\"You\""
  },
  "Type": "error",
  "@error": {
    "Inner": {
      "Data": {
        "@ext": {
          "Data": {
            "Blah": "Blah"
          }
        }
      }
    }
  }
}